node.exe : FAIL src/ecs/__tests__/Entity.test.ts
At line:1 char:1
+ & "C:\Program Files\nodejs/node.exe" "C:\Program Files\nodejs/node_mo ...
+ ~~~~~~~~~~~~~~~~~~~~~~~~~~~~~~~~~~~~~~~~~~~~~~~~~~~~~~~~~~~~~~~~~~~~~
    + CategoryInfo          : NotSpecified: (FAIL src/ecs/__tests__/Entity.test.ts:String) [], Rem 
   oteException
    + FullyQualifiedErrorId : NativeCommandError
 
  ΓùÅ Test suite failed to run

    Jest encountered an unexpected token

    Jest failed to parse a file. This happens e.g. when your code or its dependencies use 
non-standard JavaScript syntax, or when Jest is not configured to support such syntax.

    Out of the box Jest supports Babel, which will be used to transform your files into valid JS 
based on your Babel configuration.

    By default "node_modules" folder is ignored by transformers.

    Here's what you can do:
     ΓÇó If you are trying to use ECMAScript Modules, see 
https://jestjs.io/docs/ecmascript-modules for how to enable it.
     ΓÇó If you are trying to use TypeScript, see 
https://jestjs.io/docs/getting-started#using-typescript
     ΓÇó To have some of your "node_modules" files transformed, you can specify a custom 
"transformIgnorePatterns" in your config.
     ΓÇó If you need a custom transformation, specify a "transform" option in your config.
     ΓÇó If you simply want to mock your non-JS modules (e.g. binary assets) you can stub them out 
with the "moduleNameMapper" config option.

    You'll find more details and examples of these config options in the docs:
    https://jestjs.io/docs/configuration
    For information about custom transformations, see:
    https://jestjs.io/docs/code-transformation

    Details:

    C:\Users\andyp\Ouroboro\server\node_modules\uuid\dist\index.js:1
    export { default as MAX } from './max.js';
    ^^^^^^

    SyntaxError: Unexpected token 'export'

    [0m [90m 1 |[39m [36mimport[39m { [33mComponent[39m[33m,[39m [33mComponentClass[39m 
} [36mfrom[39m [32m'./Component'[39m[33m;[39m
    [31m[1m>[22m[39m[90m 2 |[39m [36mimport[39m { v4 [36mas[39m uuidv4 } [36mfrom[39m 
[32m'uuid'[39m[33m;[39m
     [90m   |[39m [31m[1m^[22m[39m
     [90m 3 |[39m [36mimport[39m { [33mEventEmitter[39m } [36mfrom[39m 
[32m'events'[39m[33m;[39m
     [90m 4 |[39m
     [90m 5 |[39m [36mexport[39m [36mclass[39m [33mEntity[39m [36mextends[39m 
[33mEventEmitter[39m {[0m

      at Runtime.createScriptFromCode (node_modules/jest-runtime/build/index.js:1318:40)
      at Object.<anonymous> (src/ecs/Entity.ts:2:1)
      at Object.<anonymous> (src/ecs/__tests__/Entity.test.ts:1:1)

Test Suites: 1 failed, 1 total
Tests:       0 total
Snapshots:   0 total
Time:        1.192 s
Ran all test suites matching src/ecs/__tests__/Entity.test.ts.
(node:40048) Warning: `--localstorage-file` was provided without a valid path
(Use `node --trace-warnings ...` to show where the warning was created)
